0 verbose cli /home/eduardo/.nvm/versions/node/v24.11.1/bin/node /usr/share/nodejs/npm/bin/npm-cli.js
1 info using npm@9.2.0
2 info using node@v24.11.1
3 timing npm:load:whichnode Completed in 0ms
4 timing config:load:defaults Completed in 1ms
5 timing config:load:file:/usr/share/nodejs/npm/npmrc Completed in 2ms
6 timing config:load:builtin Completed in 2ms
7 timing config:load:cli Completed in 1ms
8 timing config:load:env Completed in 0ms
9 timing config:load:file:/home/eduardo/Documents/dev/utfpr-guia-programacao-competitiva/.npmrc Completed in 0ms
10 timing config:load:project Completed in 1ms
11 timing config:load:file:/home/eduardo/.npmrc Completed in 2ms
12 timing config:load:user Completed in 2ms
13 timing config:load:file:/etc/npmrc Completed in 0ms
14 timing config:load:global Completed in 0ms
15 timing config:load:setEnvs Completed in 0ms
16 timing config:load Completed in 7ms
17 timing npm:load:configload Completed in 7ms
18 timing npm:load:mkdirpcache Completed in 0ms
19 timing npm:load:mkdirplogs Completed in 0ms
20 verbose title npm exec katex --version
21 verbose argv "exec" "--yes" "false" "--" "katex" "--version"
22 timing npm:load:setTitle Completed in 0ms
23 timing config:load:flatten Completed in 1ms
24 timing npm:load:display Completed in 1ms
25 verbose logfile logs-max:10 dir:/home/eduardo/Documents/dev/utfpr-guia-programacao-competitiva/mediaeduardoExpansiondev.npm-cache/_logs/2026-08-07T16_37_22_614Z-
26 verbose logfile /home/eduardo/Documents/dev/utfpr-guia-programacao-competitiva/mediaeduardoExpansiondev.npm-cache/_logs/2026-08-07T16_37_22_614Z-debug-0.log
27 timing npm:load:logFile Completed in 3ms
28 timing npm:load:timers Completed in 0ms
29 timing npm:load:configScope Completed in 0ms
30 timing npm:load Completed in 12ms
31 silly logfile start cleaning logs, removing 1 files
32 silly logfile done cleaning log files
33 timing arborist:ctor Completed in 0ms
34 http fetch GET 200 https://registry.npmjs.org/katex 128ms (cache revalidated)
35 timing arborist:ctor Completed in 0ms
36 timing arborist:ctor Completed in 0ms
37 timing command:exec Completed in 141ms
38 verbose stack Error: canceled
38 verbose stack     at exec (/usr/share/nodejs/libnpmexec/lib/index.js:244:17)
38 verbose stack     at async module.exports (/usr/share/nodejs/npm/lib/cli.js:133:5)
39 verbose cwd /home/eduardo/Documents/dev/utfpr-guia-programacao-competitiva
40 verbose Linux 7.0.0-28-generic
41 verbose node v24.11.1
42 verbose npm  v9.2.0
43 error canceled
44 verbose exit 1
45 timing npm Completed in 161ms
46 verbose code 1
47 error A complete log of this run can be found in:
47 error     /home/eduardo/Documents/dev/utfpr-guia-programacao-competitiva/mediaeduardoExpansiondev.npm-cache/_logs/2026-08-07T16_37_22_614Z-debug-0.log
