0 verbose cli /home/eduardo/.nvm/versions/node/v24.11.1/bin/node /usr/share/nodejs/npm/bin/npm-cli.js
1 info using npm@9.2.0
2 info using node@v24.11.1
3 timing npm:load:whichnode Completed in 0ms
4 timing config:load:defaults Completed in 1ms
5 timing config:load:file:/usr/share/nodejs/npm/npmrc Completed in 2ms
6 timing config:load:builtin Completed in 2ms
7 timing config:load:cli Completed in 1ms
8 timing config:load:env Completed in 0ms
9 timing config:load:file:/home/eduardo/Documents/dev/utfpr-guia-programacao-competitiva/.npmrc Completed in 0ms
10 timing config:load:project Completed in 3ms
11 timing config:load:file:/home/eduardo/.npmrc Completed in 0ms
12 timing config:load:user Completed in 0ms
13 timing config:load:file:/etc/npmrc Completed in 0ms
14 timing config:load:global Completed in 0ms
15 timing config:load:setEnvs Completed in 0ms
16 timing config:load Completed in 8ms
17 timing npm:load:configload Completed in 9ms
18 timing npm:load:mkdirpcache Completed in 0ms
19 timing npm:load:mkdirplogs Completed in 0ms
20 verbose title npm exec katex --version
21 verbose argv "exec" "--yes" "false" "--" "katex" "--version"
22 timing npm:load:setTitle Completed in 0ms
23 timing config:load:flatten Completed in 1ms
24 timing npm:load:display Completed in 1ms
25 verbose logfile logs-max:10 dir:/home/eduardo/Documents/dev/utfpr-guia-programacao-competitiva/mediaeduardoExpansiondev.npm-cache/_logs/2026-08-07T13_30_25_290Z-
26 verbose logfile /home/eduardo/Documents/dev/utfpr-guia-programacao-competitiva/mediaeduardoExpansiondev.npm-cache/_logs/2026-08-07T13_30_25_290Z-debug-0.log
27 timing npm:load:logFile Completed in 4ms
28 timing npm:load:timers Completed in 0ms
29 timing npm:load:configScope Completed in 0ms
30 timing npm:load Completed in 14ms
31 silly logfile done cleaning log files
32 timing arborist:ctor Completed in 0ms
33 http fetch GET 200 https://registry.npmjs.org/katex 115ms (cache revalidated)
34 timing arborist:ctor Completed in 0ms
35 timing arborist:ctor Completed in 0ms
36 timing command:exec Completed in 130ms
37 verbose stack Error: canceled
37 verbose stack     at exec (/usr/share/nodejs/libnpmexec/lib/index.js:244:17)
37 verbose stack     at async module.exports (/usr/share/nodejs/npm/lib/cli.js:133:5)
38 verbose cwd /home/eduardo/Documents/dev/utfpr-guia-programacao-competitiva
39 verbose Linux 7.0.0-28-generic
40 verbose node v24.11.1
41 verbose npm  v9.2.0
42 error canceled
43 verbose exit 1
44 timing npm Completed in 156ms
45 verbose code 1
46 error A complete log of this run can be found in:
46 error     /home/eduardo/Documents/dev/utfpr-guia-programacao-competitiva/mediaeduardoExpansiondev.npm-cache/_logs/2026-08-07T13_30_25_290Z-debug-0.log
