0 verbose cli /home/eduardo/.nvm/versions/node/v24.11.1/bin/node /home/eduardo/.nvm/versions/node/v24.11.1/lib/node_modules/npm/bin/npm-cli.js
1 info using npm@11.16.0
2 info using node@v24.11.1
3 silly config load:file:/home/eduardo/.nvm/versions/node/v24.11.1/lib/node_modules/npm/npmrc
4 silly config load:file:/home/eduardo/Documents/dev/utfpr-guia-programacao-competitiva/.npmrc
5 silly config load:file:/home/eduardo/.npmrc
6 silly config load:file:/home/eduardo/.nvm/versions/node/v24.11.1/etc/npmrc
7 verbose title npm exec katex --version
8 verbose argv "exec" "--yes" "false" "--" "katex" "--version"
9 verbose logfile logs-max:10 dir:/home/eduardo/Documents/dev/utfpr-guia-programacao-competitiva/mediaeduardoExpansiondev.npm-cache/_logs/2026-08-07T16_37_21_980Z-
10 verbose logfile /home/eduardo/Documents/dev/utfpr-guia-programacao-competitiva/mediaeduardoExpansiondev.npm-cache/_logs/2026-08-07T16_37_21_980Z-debug-0.log
11 silly logfile start cleaning logs, removing 1 files
12 silly logfile done cleaning log files
13 silly packumentCache heap:4496293888 maxSize:1124073472 maxEntrySize:562036736
14 http fetch GET 200 https://registry.npmjs.org/katex 125ms (cache revalidated)
15 silly packumentCache heap:4496293888 maxSize:1124073472 maxEntrySize:562036736
16 silly packumentCache heap:4496293888 maxSize:1124073472 maxEntrySize:562036736
17 verbose stack Error: npx canceled due to missing packages and no YES option: ["katex@0.18.1"]
17 verbose stack     at exec (/home/eduardo/.nvm/versions/node/v24.11.1/lib/node_modules/npm/node_modules/libnpmexec/lib/index.js:287:17)
17 verbose stack     at async Npm.exec (/home/eduardo/.nvm/versions/node/v24.11.1/lib/node_modules/npm/lib/npm.js:193:9)
17 verbose stack     at async module.exports (/home/eduardo/.nvm/versions/node/v24.11.1/lib/node_modules/npm/lib/cli/entry.js:67:5)
18 error npx canceled due to missing packages and no YES option: ["katex@0.18.1"]
19 verbose cwd /home/eduardo/Documents/dev/utfpr-guia-programacao-competitiva
20 verbose os Linux 7.0.0-28-generic
21 verbose node v24.11.1
22 verbose npm  v11.16.0
23 verbose exit 1
24 verbose code 1
25 error A complete log of this run can be found in: /home/eduardo/Documents/dev/utfpr-guia-programacao-competitiva/mediaeduardoExpansiondev.npm-cache/_logs/2026-08-07T16_37_21_980Z-debug-0.log
